[demos.creative-tim.com/material-dashboard/pages/dashboard.html]
[demos.creative-tim.com/material-dashboard/assets/img/apple-icon.png]
[demos.creative-tim.com/material-dashboard/assets/img/favicon.png]
[backblue.gif]
[fade.gif]
[index.html]
[demos.creative-tim.com/material-dashboard/pages/dashboard-2.html]
[demos.creative-tim.com/material-dashboard/assets/css/nucleo-icons.css]
[demos.creative-tim.com/material-dashboard/assets/css/nucleo-svg.css]
[demos.creative-tim.com/material-dashboard/assets/css/material-dashboard.mine63c.css]
[www.google-analytics.com/analytics.js]
[api.nepcha.com/js/nepcha-analytics.js]
[demos.creative-tim.com/material-dashboard/assets/img/logo-ct.png]
[demos.creative-tim.com/material-dashboard/pages/tables.html]
[demos.creative-tim.com/material-dashboard/pages/billing.html]
[demos.creative-tim.com/material-dashboard/pages/virtual-reality.html]
[demos.creative-tim.com/material-dashboard/pages/rtl.html]
[demos.creative-tim.com/material-dashboard/pages/notifications.html]
[demos.creative-tim.com/material-dashboard/pages/profile.html]
[demos.creative-tim.com/material-dashboard/pages/sign-in.html]
[demos.creative-tim.com/material-dashboard/pages/sign-up.html]
[demos.creative-tim.com/material-dashboard/assets/img/team-2.jpg]
[demos.creative-tim.com/material-dashboard/assets/img/team-1.jpg]
[demos.creative-tim.com/material-dashboard/assets/img/team-3.jpg]
[demos.creative-tim.com/material-dashboard/assets/img/team-4.jpg]
[demos.creative-tim.com/material-dashboard/assets/js/core/popper.min.js]
[demos.creative-tim.com/material-dashboard/assets/js/core/bootstrap.min.js]
[demos.creative-tim.com/material-dashboard/assets/js/plugins/perfect-scrollbar.min.js]
[demos.creative-tim.com/material-dashboard/assets/js/plugins/smooth-scrollbar.min.js]
[demos.creative-tim.com/material-dashboard/assets/js/plugins/chartjs.min.js]
[buttons.github.io/buttons.js]
[demos.creative-tim.com/material-dashboard/pages/dashboard.html]
[demos.creative-tim.com/material-dashboard/assets/js/material-dashboard.mine63c.js]
[s3.amazonaws.com/creativetim_bucket/products/450/original/material-dashboard.jpg]
[demos.creative-tim.com/material-dashboard/pages/dashboard-2.html]
[demos.creative-tim.com/material-dashboard/assets/css/nucleo-icons.css]
[demos.creative-tim.com/material-dashboard/assets/css/nucleo-svg.css]
[kit.fontawesome.com/42d5adcbca.html]
[demos.creative-tim.com/material-dashboard/assets/css/material-dashboard.mine63c.css]
[www.googletagmanager.com/gtm5445.html]
[demos.creative-tim.com/material-dashboard/pages/tables.html]
[demos.creative-tim.com/cdn-cgi/scripts/5c5dd728/cloudflare-static/email-decode.min.js]
[demos.creative-tim.com/material-dashboard/assets/img/logos/mastercard.png]
[demos.creative-tim.com/material-dashboard/assets/img/logos/visa.png]
[demos.creative-tim.com/material-dashboard/pages/billing.html]
[demos.creative-tim.com/material-dashboard/assets/img/vr-bg.jpg]
[demos.creative-tim.com/material-dashboard/assets/img/small-logos/icon-sun-cloud.png]
[demos.creative-tim.com/material-dashboard/pages/virtual-reality.html]
[demos.creative-tim.com/material-dashboard/pages/rtl.html]
[demos.creative-tim.com/material-dashboard/pages/notifications.html]
[demos.creative-tim.com/material-dashboard/assets/img/bruce-mars.jpg]
[demos.creative-tim.com/material-dashboard/assets/img/kal-visuals-square.jpg]
[demos.creative-tim.com/material-dashboard/assets/img/marie.jpg]
[demos.creative-tim.com/material-dashboard/assets/img/ivana-square.jpg]
[demos.creative-tim.com/material-dashboard/assets/img/home-decor-1.jpg]
[demos.creative-tim.com/material-dashboard/assets/img/home-decor-2.jpg]
[demos.creative-tim.com/material-dashboard/assets/img/home-decor-3.jpg]
[demos.creative-tim.com/material-dashboard/pages/profile.html]
[demos.creative-tim.com/material-dashboard/pages/sign-in.html]
[demos.creative-tim.com/material-dashboard/assets/img/illustrations/illustration-signup.jpg]
[demos.creative-tim.com/material-dashboard/pages/sign-up.html]
